Script started on Tue Apr 14 09:57:54 2015
[?1034hbash-3.2$ :q
bash: :q: command not found
bash-3.2$ cd scripts/
bash-3.2$ ls
broker.sh		company.run		market.sh		stub.sh
company copy 3.sh	company.sh		marketagent.sh
bash-3.2$ ./stub.sh 
Positional Parameters
$0 =  ./stub.sh
$1 = 
$2 = 
$3 = 
bash-3.2$ ./stub.sh space
Positional Parameters
$0 =  ./stub.sh
$1 =  space
$2 = 
$3 = 
bash-3.2$ ./stub.sh space
Positional Parameters
$0 =  ./stub.sh
$1 =  space
$2 = 
$3 = 
/Users/dietl_ma/Studium/_WIEN/VPS/lab1/scripts
bash-3.2$ 
bash-3.2$ 
bash-3.2$ 
bash-3.2$ ./stub.sh space[K[K[K[K[K[K[K[K[K[K[K[K[K[K[Kls
broker.sh		company.run		market.sh		stub.sh
company copy 3.sh	company.sh		marketagent.sh
bash-3.2$ pwd
/Users/dietl_ma/Studium/_WIEN/VPS/lab1/scripts
bash-3.2$ pwd ..
/Users/dietl_ma/Studium/_WIEN/VPS/lab1/scripts
bash-3.2$ pwd ..[K[K/[Kdirname pwd
/Users/dietl_ma/Studium/_WIEN/VPS/lab1/scripts
bash-3.2$ pwd dirname pwd[C[1P[1P[1P[1P
.
bash-3.2$ 
bash-3.2$ dirname /Users/dietl_ma/Studium/_WIEN/VPS/lab1/scripts
/Users/dietl_ma/Studium/_WIEN/VPS/lab1
bash-3.2$ dirname /Users/dietl_ma/Studium/_WIEN/VPS/lab1/scripts[C[C[C[C[C[C[C[C[C[C[C[C[C[C[C[C[C[Cpwd[K[4@pwd [C[C[C[C[C[C[C[C[C[C[C..[K[K[1Pls./stub.sh space
Positional Parameters
$0 =  ./stub.sh
$1 =  space
$2 = 
$3 = 
dirname /Users/dietl_ma/Studium/_WIEN/VPS/lab1/scripts
bash-3.2$ ./stub.sh space
Positional Parameters
$0 =  ./stub.sh
$1 =  space
$2 = 
$3 = 
dirname /Users/dietl_ma/Studium/_WIEN/VPS/lab1/scripts
bash-3.2$ ./stub.sh space
Positional Parameters
$0 =  ./stub.sh
$1 =  space
$2 = 
$3 = 
dirname $SCRIPTPATH
bash-3.2$ ./stub.sh space
Positional Parameters
$0 =  ./stub.sh
$1 =  space
$2 = 
$3 = 
dirname $SCRIPTPATH
bash-3.2$ ./stub.sh space
Positional Parameters
$0 =  ./stub.sh
$1 =  space
$2 = 
$3 = 
pwd -P
dirname $SCRIPTPATH
bash-3.2$ ./stub.sh space
/Users/dietl_ma/Studium/_WIEN/VPS/lab1/scripts
Positional Parameters
$0 =  ./stub.sh
$1 =  space
$2 = 
$3 = 

dirname $SCRIPTPATH
bash-3.2$ ./stub.sh space
./stub.sh: line 3: â€˜pwd: command not found
Positional Parameters
$0 =  ./stub.sh
$1 =  space
$2 = 
$3 = 

dirname $SCRIPTPATH
bash-3.2$ ./stub.sh space
./stub.sh: line 3: pwd -P: command not found
Positional Parameters
$0 =  ./stub.sh
$1 =  space
$2 = 
$3 = 

dirname $SCRIPTPATH
bash-3.2$ ./stub.sh space
./stub.sh: line 3: /Users/dietl_ma/Studium/_WIEN/VPS/lab1/scripts: is a directory
Positional Parameters
$0 =  ./stub.sh
$1 =  space
$2 = 
$3 = 

dirname $SCRIPTPATH
bash-3.2$ ./stub.sh space
./stub.sh: line 3: $(pwd -P): command not found
Positional Parameters
$0 =  ./stub.sh
$1 =  space
$2 = 
$3 = 

dirname $SCRIPTPATH
bash-3.2$ ./stub.sh space
/Users/dietl_ma/Studium/_WIEN/VPS/lab1/scripts
Positional Parameters
$0 =  ./stub.sh
$1 =  space
$2 = 
$3 = 

dirname $SCRIPTPATH
bash-3.2$ ./stub.sh space
/Users/dietl_ma/Studium/_WIEN/VPS/lab1/scripts
Positional Parameters
$0 =  ./stub.sh
$1 =  space
$2 = 
$3 = 

dirname $SCRIPTPATH
bash-3.2$ ./stub.sh space
/Users/dietl_ma/Studium/_WIEN/VPS/lab1/scripts
Positional Parameters
$0 =  ./stub.sh
$1 =  space
$2 = 
$3 = 

dirname $SCRIPTPATH
bash-3.2$ ./stub.sh space
./stub.sh: line 3: Â´pwd: command not found
Positional Parameters
$0 =  ./stub.sh
$1 =  space
$2 = 
$3 = 

/Users/dietl_ma/Studium/_WIEN/VPS/lab1
bash-3.2$ ./stub.sh space
./stub.sh: line 3: Â´pwd: command not found
Positional Parameters
$0 =  ./stub.sh
$1 =  space
$2 = 
$3 = 

/Users/dietl_ma/Studium/_WIEN/VPS/lab1
bash-3.2$ ./stub.sh space
./stub.sh: line 3: /Users/dietl_ma/Studium/_WIEN/VPS/lab1: is a directory
Positional Parameters
$0 =  ./stub.sh
$1 =  space
$2 = 
$3 = 

bash-3.2$ ./stub.sh space
./stub.sh: line 3: /Users/dietl_ma/Studium/_WIEN/VPS/lab1: is a directory
Positional Parameters
$0 =  ./stub.sh
$1 =  space
$2 = 
$3 = 

bash-3.2$ ./stub.sh space
./stub.sh: line 3: .: filename argument required
.: usage: . filename [arguments]
Positional Parameters
$0 =  ./stub.sh
$1 =  space
$2 = 
$3 = 

bash-3.2$ ./stub.sh space
usage: dirname path
Positional Parameters
$0 =  ./stub.sh
$1 =  space
$2 = 
$3 = 

bash-3.2$ ./stub.sh space
./stub.sh: line 3: /Users/dietl_ma/Studium/_WIEN/VPS/lab1/scripts/.: is a directory
Positional Parameters
$0 =  ./stub.sh
$1 =  space
$2 = 
$3 = 

bash-3.2$ ./stub.sh space
./stub.sh: line 3: SCRIPTPATH: command not found
Positional Parameters
$0 =  ./stub.sh
$1 =  space
$2 = 
$3 = 

bash-3.2$ ./stub.sh space
./stub.sh: line 3: SCRIPTPATH: command not found
Positional Parameters
$0 =  ./stub.sh
$1 =  space
$2 = 
$3 = 

bash-3.2$ ./stub.sh space
./stub.sh: line 3: SCRIPTPATH: command not found
Positional Parameters
$0 =  ./stub.sh
$1 =  space
$2 = 
$3 = 

bash-3.2$ java -jar ../Company/target/company-1.0-SNAPSHOT.jar

  .   ____          _            __ _ _
 /\\ / ___'_ __ _ _(_)_ __  __ _ \ \ \ \
( ( )\___ | '_ | '_| | '_ \/ _` | \ \ \ \
 \\/  ___)| |_)| | | | | || (_| |  ) ) ) )
  '  |____| .__|_| |_|_| |_\__, | / / / /
 =========|_|==============|___/=/_/_/_/
[32m :: Spring Boot :: [39m      [2m (v1.2.2.RELEASE)[0;39m

[2m2015-04-14 10:14:39.711[0;39m [32m INFO[0;39m [35m90191[0;39m [2m---[0;39m [2m[           main][0;39m [36mac.at.tuwien.sbc.company.CompanyApp     [0;39m [2m:[0;39m Starting CompanyApp v1.0-SNAPSHOT on Martin-Dietls-MacBook-Pro.local with PID 90191 (/Users/dietl_ma/Studium/_WIEN/VPS/lab1/Company/target/company-1.0-SNAPSHOT.jar started by dietl_ma in /Users/dietl_ma/Studium/_WIEN/VPS/lab1/scripts)
[2m2015-04-14 10:14:39.790[0;39m [32m INFO[0;39m [35m90191[0;39m [2m---[0;39m [2m[           main][0;39m [36ms.c.a.AnnotationConfigApplicationContext[0;39m [2m:[0;39m Refreshing org.springframework.context.annotation.AnnotationConfigApplicationContext@332c45ff: startup date [Tue Apr 14 10:14:39 CEST 2015]; root of context hierarchy
[2m2015-04-14 10:14:40.933[0;39m [32m INFO[0;39m [35m90191[0;39m [2m---[0;39m [2m[           main][0;39m [36mtrationDelegate$BeanPostProcessorChecker[0;39m [2m:[0;39m Bean 'org.springframework.amqp.rabbit.annotation.RabbitBootstrapConfiguration' of type [class org.springframework.amqp.rabbit.annotation.RabbitBootstrapConfiguration$$EnhancerBySpringCGLIB$$9191e129] is not eligible for getting processed by all BeanPostProcessors (for example: not eligible for auto-proxying)
[2m2015-04-14 10:14:41.053[0;39m [33m WARN[0;39m [35m90191[0;39m [2m---[0;39m [2m[           main][0;39m [36ms.c.a.AnnotationConfigApplicationContext[0;39m [2m:[0;39m Exception encountered during context initialization - cancelling refresh attempt

org.springframework.beans.factory.BeanCreationException: Error creating bean with name 'workflow': Injection of autowired dependencies failed; nested exception is org.springframework.beans.factory.BeanCreationException: Could not autowire field: private java.lang.String ac.at.tuwien.sbc.company.workflow.Workflow.companyID; nested exception is java.lang.IllegalArgumentException: Could not resolve placeholder 'id' in string value "${id}"
	at org.springframework.beans.factory.annotation.AutowiredAnnotationBeanPostProcessor.postProcessPropertyValues(AutowiredAnnotationBeanPostProcessor.java:334)
	at org.springframework.beans.factory.support.AbstractAutowireCapableBeanFactory.populateBean(AbstractAutowireCapableBeanFactory.java:1202)
	at org.springframework.beans.factory.support.AbstractAutowireCapableBeanFactory.doCreateBean(AbstractAutowireCapableBeanFactory.java:537)
	at org.springframework.beans.factory.support.AbstractAutowireCapableBeanFactory.createBean(AbstractAutowireCapableBeanFactory.java:476)
	at org.springframework.beans.factory.support.AbstractBeanFactory$1.getObject(AbstractBeanFactory.java:303)
	at org.springframework.beans.factory.support.DefaultSingletonBeanRegistry.getSingleton(DefaultSingletonBeanRegistry.java:230)
	at org.springframework.beans.factory.support.AbstractBeanFactory.doGetBean(AbstractBeanFactory.java:299)
	at org.springframework.beans.factory.support.AbstractBeanFactory.getBean(AbstractBeanFactory.java:194)
	at org.springframework.beans.factory.support.DefaultListableBeanFactory.preInstantiateSingletons(DefaultListableBeanFactory.java:755)
	at org.springframework.context.support.AbstractApplicationContext.finishBeanFactoryInitialization(AbstractApplicationContext.java:757)
	at org.springframework.context.support.AbstractApplicationContext.refresh(AbstractApplicationContext.java:480)
	at org.springframework.boot.SpringApplication.refresh(SpringApplication.java:686)
	at org.springframework.boot.SpringApplication.run(SpringApplication.java:320)
	at org.springframework.boot.builder.SpringApplicationBuilder.run(SpringApplicationBuilder.java:139)
	at ac.at.tuwien.sbc.company.CompanyApp.main(CompanyApp.java:24)
	at sun.reflect.NativeMethodAccessorImpl.invoke0(Native Method)
	at sun.reflect.NativeMethodAccessorImpl.invoke(NativeMethodAccessorImpl.java:57)
	at sun.reflect.DelegatingMethodAccessorImpl.invoke(DelegatingMethodAccessorImpl.java:43)
	at java.lang.reflect.Method.invoke(Method.java:606)
	at org.springframework.boot.loader.MainMethodRunner.run(MainMethodRunner.java:53)
	at java.lang.Thread.run(Thread.java:744)
Caused by: org.springframework.beans.factory.BeanCreationException: Could not autowire field: private java.lang.String ac.at.tuwien.sbc.company.workflow.Workflow.companyID; nested exception is java.lang.IllegalArgumentException: Could not resolve placeholder 'id' in string value "${id}"
	at org.springframework.beans.factory.annotation.AutowiredAnnotationBeanPostProcessor$AutowiredFieldElement.inject(AutowiredAnnotationBeanPostProcessor.java:561)
	at org.springframework.beans.factory.annotation.InjectionMetadata.inject(InjectionMetadata.java:88)
	at org.springframework.beans.factory.annotation.AutowiredAnnotationBeanPostProcessor.postProcessPropertyValues(AutowiredAnnotationBeanPostProcessor.java:331)
	... 20 common frames omitted
Caused by: java.lang.IllegalArgumentException: Could not resolve placeholder 'id' in string value "${id}"
	at org.springframework.util.PropertyPlaceholderHelper.parseStringValue(PropertyPlaceholderHelper.java:174)
	at org.springframework.util.PropertyPlaceholderHelper.replacePlaceholders(PropertyPlaceholderHelper.java:126)
	at org.springframework.core.env.AbstractPropertyResolver.doResolvePlaceholders(AbstractPropertyResolver.java:204)
	at org.springframework.core.env.AbstractPropertyResolver.resolveRequiredPlaceholders(AbstractPropertyResolver.java:178)
	at org.springframework.context.support.PropertySourcesPlaceholderConfigurer$2.resolveStringValue(PropertySourcesPlaceholderConfigurer.java:175)
	at org.springframework.beans.factory.support.AbstractBeanFactory.resolveEmbeddedValue(AbstractBeanFactory.java:801)
	at org.springframework.beans.factory.support.DefaultListableBeanFactory.doResolveDependency(DefaultListableBeanFactory.java:955)
	at org.springframework.beans.factory.support.DefaultListableBeanFactory.resolveDependency(DefaultListableBeanFactory.java:942)
	at org.springframework.beans.factory.annotation.AutowiredAnnotationBeanPostProcessor$AutowiredFieldElement.inject(AutowiredAnnotationBeanPostProcessor.java:533)
	... 22 common frames omitted

[2m2015-04-14 10:14:41.055[0;39m [32m INFO[0;39m [35m90191[0;39m [2m---[0;39m [2m[           main][0;39m [36m.b.l.ClasspathLoggingApplicationListener[0;39m [2m:[0;39m Application failed to start with classpath: [jar:file:/Users/dietl_ma/Studium/_WIEN/VPS/lab1/Company/target/company-1.0-SNAPSHOT.jar!/, jar:file:/Users/dietl_ma/Studium/_WIEN/VPS/lab1/Company/target/company-1.0-SNAPSHOT.jar!/lib/domain-1.0-SNAPSHOT.jar!/, jar:file:/Users/dietl_ma/Studium/_WIEN/VPS/lab1/Company/target/company-1.0-SNAPSHOT.jar!/lib/spring-boot-starter-1.2.2.RELEASE.jar!/, jar:file:/Users/dietl_ma/Studium/_WIEN/VPS/lab1/Company/target/company-1.0-SNAPSHOT.jar!/lib/spring-boot-1.2.2.RELEASE.jar!/, jar:file:/Users/dietl_ma/Studium/_WIEN/VPS/lab1/Company/target/company-1.0-SNAPSHOT.jar!/lib/spring-context-4.1.5.RELEASE.jar!/, jar:file:/Users/dietl_ma/Studium/_WIEN/VPS/lab1/Company/target/company-1.0-SNAPSHOT.jar!/lib/spring-aop-4.1.5.RELEASE.jar!/, jar:file:/Users/dietl_ma/Studium/_WIEN/VPS/lab1/Company/target/company-1.0-SNAPSHOT.jar!/lib/aopalliance-1.0.jar!/, jar:file:/Users/dietl_ma/Studium/_WIEN/VPS/lab1/Company/target/company-1.0-SNAPSHOT.jar!/lib/spring-expression-4.1.5.RELEASE.jar!/, jar:file:/Users/dietl_ma/Studium/_WIEN/VPS/lab1/Company/target/company-1.0-SNAPSHOT.jar!/lib/spring-boot-autoconfigure-1.2.2.RELEASE.jar!/, jar:file:/Users/dietl_ma/Studium/_WIEN/VPS/lab1/Company/target/company-1.0-SNAPSHOT.jar!/lib/spring-boot-starter-logging-1.2.2.RELEASE.jar!/, jar:file:/Users/dietl_ma/Studium/_WIEN/VPS/lab1/Company/target/company-1.0-SNAPSHOT.jar!/lib/jcl-over-slf4j-1.7.10.jar!/, jar:file:/Users/dietl_ma/Studium/_WIEN/VPS/lab1/Company/target/company-1.0-SNAPSHOT.jar!/lib/jul-to-slf4j-1.7.10.jar!/, jar:file:/Users/dietl_ma/Studium/_WIEN/VPS/lab1/Company/target/company-1.0-SNAPSHOT.jar!/lib/log4j-over-slf4j-1.7.10.jar!/, jar:file:/Users/dietl_ma/Studium/_WIEN/VPS/lab1/Company/target/company-1.0-SNAPSHOT.jar!/lib/spring-core-4.1.5.RELEASE.jar!/, jar:file:/Users/dietl_ma/Studium/_WIEN/VPS/lab1/Company/target/company-1.0-SNAPSHOT.jar!/lib/snakeyaml-1.14.jar!/, jar:file:/Users/dietl_ma/Studium/_WIEN/VPS/lab1/Company/target/company-1.0-SNAPSHOT.jar!/lib/spring-boot-starter-amqp-1.2.2.RELEASE.jar!/, jar:file:/Users/dietl_ma/Studium/_WIEN/VPS/lab1/Company/target/company-1.0-SNAPSHOT.jar!/lib/spring-messaging-4.1.5.RELEASE.jar!/, jar:file:/Users/dietl_ma/Studium/_WIEN/VPS/lab1/Company/target/company-1.0-SNAPSHOT.jar!/lib/spring-beans-4.1.5.RELEASE.jar!/, jar:file:/Users/dietl_ma/Studium/_WIEN/VPS/lab1/Company/target/company-1.0-SNAPSHOT.jar!/lib/spring-tx-4.1.5.RELEASE.jar!/, jar:file:/Users/dietl_ma/Studium/_WIEN/VPS/lab1/Company/target/company-1.0-SNAPSHOT.jar!/lib/spring-rabbit-1.4.3.RELEASE.jar!/, jar:file:/Users/dietl_ma/Studium/_WIEN/VPS/lab1/Company/target/company-1.0-SNAPSHOT.jar!/lib/amqp-client-3.4.2.jar!/, jar:file:/Users/dietl_ma/Studium/_WIEN/VPS/lab1/Company/target/company-1.0-SNAPSHOT.jar!/lib/spring-amqp-1.4.3.RELEASE.jar!/, jar:file:/Users/dietl_ma/Studium/_WIEN/VPS/lab1/Company/target/company-1.0-SNAPSHOT.jar!/lib/spring-retry-1.1.2.RELEASE.jar!/, jar:file:/Users/dietl_ma/Studium/_WIEN/VPS/lab1/Company/target/company-1.0-SNAPSHOT.jar!/lib/forms_rt-7.0.3.jar!/, jar:file:/Users/dietl_ma/Studium/_WIEN/VPS/lab1/Company/target/company-1.0-SNAPSHOT.jar!/lib/asm-commons-3.0.jar!/, jar:file:/Users/dietl_ma/Studium/_WIEN/VPS/lab1/Company/target/company-1.0-SNAPSHOT.jar!/lib/asm-tree-3.0.jar!/, jar:file:/Users/dietl_ma/Studium/_WIEN/VPS/lab1/Company/target/company-1.0-SNAPSHOT.jar!/lib/asm-3.0.jar!/, jar:file:/Users/dietl_ma/Studium/_WIEN/VPS/lab1/Company/target/company-1.0-SNAPSHOT.jar!/lib/forms-1.1-preview.jar!/, jar:file:/Users/dietl_ma/Studium/_WIEN/VPS/lab1/Company/target/company-1.0-SNAPSHOT.jar!/lib/jdom-1.0.jar!/, jar:file:/Users/dietl_ma/Studium/_WIEN/VPS/lab1/Company/target/company-1.0-SNAPSHOT.jar!/lib/jackson-mapper-asl-1.9.13.jar!/, jar:file:/Users/dietl_ma/Studium/_WIEN/VPS/lab1/Company/target/company-1.0-SNAPSHOT.jar!/lib/jackson-core-asl-1.9.13.jar!/, jar:file:/Users/dietl_ma/Studium/_WIEN/VPS/lab1/Company/target/company-1.0-SNAPSHOT.jar!/lib/jackson-core-2.4.5.jar!/, jar:file:/Users/dietl_ma/Studium/_WIEN/VPS/lab1/Company/target/company-1.0-SNAPSHOT.jar!/lib/jackson-databind-2.4.5.jar!/, jar:file:/Users/dietl_ma/Studium/_WIEN/VPS/lab1/Company/target/company-1.0-SNAPSHOT.jar!/lib/jackson-annotations-2.4.5.jar!/, jar:file:/Users/dietl_ma/Studium/_WIEN/VPS/lab1/Company/target/company-1.0-SNAPSHOT.jar!/lib/mozartspaces-runtime-2.3-SNAPSHOT.jar!/, jar:file:/Users/dietl_ma/Studium/_WIEN/VPS/lab1/Company/target/company-1.0-SNAPSHOT.jar!/lib/mozartspaces-core-common-2.3-SNAPSHOT.jar!/, jar:file:/Users/dietl_ma/Studium/_WIEN/VPS/lab1/Company/target/company-1.0-SNAPSHOT.jar!/lib/mozartspaces-capi3-api-2.3-SNAPSHOT.jar!/, jar:file:/Users/dietl_ma/Studium/_WIEN/VPS/lab1/Company/target/company-1.0-SNAPSHOT.jar!/lib/mozartspaces-capi3-javanative-2.3-SNAPSHOT.jar!/, jar:file:/Users/dietl_ma/Studium/_WIEN/VPS/lab1/Company/target/company-1.0-SNAPSHOT.jar!/lib/mozartspaces-core-api-2.3-SNAPSHOT.jar!/, jar:file:/Users/dietl_ma/Studium/_WIEN/VPS/lab1/Company/target/company-1.0-SNAPSHOT.jar!/lib/commons-configuration-1.6.jar!/, jar:file:/Users/dietl_ma/Studium/_WIEN/VPS/lab1/Company/target/company-1.0-SNAPSHOT.jar!/lib/commons-collections-3.2.1.jar!/, jar:file:/Users/dietl_ma/Studium/_WIEN/VPS/lab1/Company/target/company-1.0-SNAPSHOT.jar!/lib/commons-lang-2.4.jar!/, jar:file:/Users/dietl_ma/Studium/_WIEN/VPS/lab1/Company/target/company-1.0-SNAPSHOT.jar!/lib/commons-logging-1.1.1.jar!/, jar:file:/Users/dietl_ma/Studium/_WIEN/VPS/lab1/Company/target/company-1.0-SNAPSHOT.jar!/lib/commons-digester-2.1.jar!/, jar:file:/Users/dietl_ma/Studium/_WIEN/VPS/lab1/Company/target/company-1.0-SNAPSHOT.jar!/lib/commons-beanutils-1.9.2.jar!/, jar:file:/Users/dietl_ma/Studium/_WIEN/VPS/lab1/Company/target/company-1.0-SNAPSHOT.jar!/lib/commons-beanutils-core-1.8.0.jar!/, jar:file:/Users/dietl_ma/Studium/_WIEN/VPS/lab1/Company/target/company-1.0-SNAPSHOT.jar!/lib/slf4j-api-1.7.10.jar!/, jar:file:/Users/dietl_ma/Studium/_WIEN/VPS/lab1/Company/target/company-1.0-SNAPSHOT.jar!/lib/jcip-annotations-1.0.jar!/, jar:file:/Users/dietl_ma/Studium/_WIEN/VPS/lab1/Company/target/company-1.0-SNAPSHOT.jar!/lib/logback-classic-1.1.2.jar!/, jar:file:/Users/dietl_ma/Studium/_WIEN/VPS/lab1/Company/target/company-1.0-SNAPSHOT.jar!/lib/logback-core-1.1.2.jar!/, jar:file:/Users/dietl_ma/Studium/_WIEN/VPS/lab1/Company/target/company-1.0-SNAPSHOT.jar!/lib/mozartspaces-notifications-2.3-SNAPSHOT.jar!/, jar:file:/Users/dietl_ma/Studium/_WIEN/VPS/lab1/Company/target/company-1.0-SNAPSHOT.jar!/lib/cqengine-1.3.2.jar!/, jar:file:/Users/dietl_ma/Studium/_WIEN/VPS/lab1/Company/target/company-1.0-SNAPSHOT.jar!/lib/concurrent-trees-2.1.0.jar!/]
[2m2015-04-14 10:14:41.060[0;39m [32m INFO[0;39m [35m90191[0;39m [2m---[0;39m [2m[           main][0;39m [36mutoConfigurationReportLoggingInitializer[0;39m [2m:[0;39m 

Error starting ApplicationContext. To display the auto-configuration report enabled debug logging (start with --debug)


[2m2015-04-14 10:14:41.061[0;39m [31mERROR[0;39m [35m90191[0;39m [2m---[0;39m [2m[           main][0;39m [36mo.s.boot.SpringApplication              [0;39m [2m:[0;39m Application startup failed

org.springframework.beans.factory.BeanCreationException: Error creating bean with name 'workflow': Injection of autowired dependencies failed; nested exception is org.springframework.beans.factory.BeanCreationException: Could not autowire field: private java.lang.String ac.at.tuwien.sbc.company.workflow.Workflow.companyID; nested exception is java.lang.IllegalArgumentException: Could not resolve placeholder 'id' in string value "${id}"
	at org.springframework.beans.factory.annotation.AutowiredAnnotationBeanPostProcessor.postProcessPropertyValues(AutowiredAnnotationBeanPostProcessor.java:334)
	at org.springframework.beans.factory.support.AbstractAutowireCapableBeanFactory.populateBean(AbstractAutowireCapableBeanFactory.java:1202)
	at org.springframework.beans.factory.support.AbstractAutowireCapableBeanFactory.doCreateBean(AbstractAutowireCapableBeanFactory.java:537)
	at org.springframework.beans.factory.support.AbstractAutowireCapableBeanFactory.createBean(AbstractAutowireCapableBeanFactory.java:476)
	at org.springframework.beans.factory.support.AbstractBeanFactory$1.getObject(AbstractBeanFactory.java:303)
	at org.springframework.beans.factory.support.DefaultSingletonBeanRegistry.getSingleton(DefaultSingletonBeanRegistry.java:230)
	at org.springframework.beans.factory.support.AbstractBeanFactory.doGetBean(AbstractBeanFactory.java:299)
	at org.springframework.beans.factory.support.AbstractBeanFactory.getBean(AbstractBeanFactory.java:194)
	at org.springframework.beans.factory.support.DefaultListableBeanFactory.preInstantiateSingletons(DefaultListableBeanFactory.java:755)
	at org.springframework.context.support.AbstractApplicationContext.finishBeanFactoryInitialization(AbstractApplicationContext.java:757)
	at org.springframework.context.support.AbstractApplicationContext.refresh(AbstractApplicationContext.java:480)
	at org.springframework.boot.SpringApplication.refresh(SpringApplication.java:686)
	at org.springframework.boot.SpringApplication.run(SpringApplication.java:320)
	at org.springframework.boot.builder.SpringApplicationBuilder.run(SpringApplicationBuilder.java:139)
	at ac.at.tuwien.sbc.company.CompanyApp.main(CompanyApp.java:24)
	at sun.reflect.NativeMethodAccessorImpl.invoke0(Native Method)
	at sun.reflect.NativeMethodAccessorImpl.invoke(NativeMethodAccessorImpl.java:57)
	at sun.reflect.DelegatingMethodAccessorImpl.invoke(DelegatingMethodAccessorImpl.java:43)
	at java.lang.reflect.Method.invoke(Method.java:606)
	at org.springframework.boot.loader.MainMethodRunner.run(MainMethodRunner.java:53)
	at java.lang.Thread.run(Thread.java:744)
Caused by: org.springframework.beans.factory.BeanCreationException: Could not autowire field: private java.lang.String ac.at.tuwien.sbc.company.workflow.Workflow.companyID; nested exception is java.lang.IllegalArgumentException: Could not resolve placeholder 'id' in string value "${id}"
	at org.springframework.beans.factory.annotation.AutowiredAnnotationBeanPostProcessor$AutowiredFieldElement.inject(AutowiredAnnotationBeanPostProcessor.java:561)
	at org.springframework.beans.factory.annotation.InjectionMetadata.inject(InjectionMetadata.java:88)
	at org.springframework.beans.factory.annotation.AutowiredAnnotationBeanPostProcessor.postProcessPropertyValues(AutowiredAnnotationBeanPostProcessor.java:331)
	... 20 common frames omitted
Caused by: java.lang.IllegalArgumentException: Could not resolve placeholder 'id' in string value "${id}"
	at org.springframework.util.PropertyPlaceholderHelper.parseStringValue(PropertyPlaceholderHelper.java:174)
	at org.springframework.util.PropertyPlaceholderHelper.replacePlaceholders(PropertyPlaceholderHelper.java:126)
	at org.springframework.core.env.AbstractPropertyResolver.doResolvePlaceholders(AbstractPropertyResolver.java:204)
	at org.springframework.core.env.AbstractPropertyResolver.resolveRequiredPlaceholders(AbstractPropertyResolver.java:178)
	at org.springframework.context.support.PropertySourcesPlaceholderConfigurer$2.resolveStringValue(PropertySourcesPlaceholderConfigurer.java:175)
	at org.springframework.beans.factory.support.AbstractBeanFactory.resolveEmbeddedValue(AbstractBeanFactory.java:801)
	at org.springframework.beans.factory.support.DefaultListableBeanFactory.doResolveDependency(DefaultListableBeanFactory.java:955)
	at org.springframework.beans.factory.support.DefaultListableBeanFactory.resolveDependency(DefaultListableBeanFactory.java:942)
	at org.springframework.beans.factory.annotation.AutowiredAnnotationBeanPostProcessor$AutowiredFieldElement.inject(AutowiredAnnotationBeanPostProcessor.java:533)
	... 22 common frames omitted

java.lang.reflect.InvocationTargetException
	at sun.reflect.NativeMethodAccessorImpl.invoke0(Native Method)
	at sun.reflect.NativeMethodAccessorImpl.invoke(NativeMethodAccessorImpl.java:57)
	at sun.reflect.DelegatingMethodAccessorImpl.invoke(DelegatingMethodAccessorImpl.java:43)
	at java.lang.reflect.Method.invoke(Method.java:606)
	at org.springframework.boot.loader.MainMethodRunner.run(MainMethodRunner.java:53)
	at java.lang.Thread.run(Thread.java:744)
Caused by: org.springframework.beans.factory.BeanCreationException: Error creating bean with name 'workflow': Injection of autowired dependencies failed; nested exception is org.springframework.beans.factory.BeanCreationException: Could not autowire field: private java.lang.String ac.at.tuwien.sbc.company.workflow.Workflow.companyID; nested exception is java.lang.IllegalArgumentException: Could not resolve placeholder 'id' in string value "${id}"
	at org.springframework.beans.factory.annotation.AutowiredAnnotationBeanPostProcessor.postProcessPropertyValues(AutowiredAnnotationBeanPostProcessor.java:334)
	at org.springframework.beans.factory.support.AbstractAutowireCapableBeanFactory.populateBean(AbstractAutowireCapableBeanFactory.java:1202)
	at org.springframework.beans.factory.support.AbstractAutowireCapableBeanFactory.doCreateBean(AbstractAutowireCapableBeanFactory.java:537)
	at org.springframework.beans.factory.support.AbstractAutowireCapableBeanFactory.createBean(AbstractAutowireCapableBeanFactory.java:476)
	at org.springframework.beans.factory.support.AbstractBeanFactory$1.getObject(AbstractBeanFactory.java:303)
	at org.springframework.beans.factory.support.DefaultSingletonBeanRegistry.getSingleton(DefaultSingletonBeanRegistry.java:230)
	at org.springframework.beans.factory.support.AbstractBeanFactory.doGetBean(AbstractBeanFactory.java:299)
	at org.springframework.beans.factory.support.AbstractBeanFactory.getBean(AbstractBeanFactory.java:194)
	at org.springframework.beans.factory.support.DefaultListableBeanFactory.preInstantiateSingletons(DefaultListableBeanFactory.java:755)
	at org.springframework.context.support.AbstractApplicationContext.finishBeanFactoryInitialization(AbstractApplicationContext.java:757)
	at org.springframework.context.support.AbstractApplicationContext.refresh(AbstractApplicationContext.java:480)
	at org.springframework.boot.SpringApplication.refresh(SpringApplication.java:686)
	at org.springframework.boot.SpringApplication.run(SpringApplication.java:320)
	at org.springframework.boot.builder.SpringApplicationBuilder.run(SpringApplicationBuilder.java:139)
	at ac.at.tuwien.sbc.company.CompanyApp.main(CompanyApp.java:24)
	... 6 more
Caused by: org.springframework.beans.factory.BeanCreationException: Could not autowire field: private java.lang.String ac.at.tuwien.sbc.company.workflow.Workflow.companyID; nested exception is java.lang.IllegalArgumentException: Could not resolve placeholder 'id' in string value "${id}"
	at org.springframework.beans.factory.annotation.AutowiredAnnotationBeanPostProcessor$AutowiredFieldElement.inject(AutowiredAnnotationBeanPostProcessor.java:561)
	at org.springframework.beans.factory.annotation.InjectionMetadata.inject(InjectionMetadata.java:88)
	at org.springframework.beans.factory.annotation.AutowiredAnnotationBeanPostProcessor.postProcessPropertyValues(AutowiredAnnotationBeanPostProcessor.java:331)
	... 20 more
Caused by: java.lang.IllegalArgumentException: Could not resolve placeholder 'id' in string value "${id}"
	at org.springframework.util.PropertyPlaceholderHelper.parseStringValue(PropertyPlaceholderHelper.java:174)
	at org.springframework.util.PropertyPlaceholderHelper.replacePlaceholders(PropertyPlaceholderHelper.java:126)
	at org.springframework.core.env.AbstractPropertyResolver.doResolvePlaceholders(AbstractPropertyResolver.java:204)
	at org.springframework.core.env.AbstractPropertyResolver.resolveRequiredPlaceholders(AbstractPropertyResolver.java:178)
	at org.springframework.context.support.PropertySourcesPlaceholderConfigurer$2.resolveStringValue(PropertySourcesPlaceholderConfigurer.java:175)
	at org.springframework.beans.factory.support.AbstractBeanFactory.resolveEmbeddedValue(AbstractBeanFactory.java:801)
	at org.springframework.beans.factory.support.DefaultListableBeanFactory.doResolveDependency(DefaultListableBeanFactory.java:955)
	at org.springframework.beans.factory.support.DefaultListableBeanFactory.resolveDependency(DefaultListableBeanFactory.java:942)
	at org.springframework.beans.factory.annotation.AutowiredAnnotationBeanPostProcessor$AutowiredFieldElement.inject(AutowiredAnnotationBeanPostProcessor.java:533)
	... 22 more
bash-3.2$ 
bash-3.2$ java -jar ../Company/target/company-1.0-SNAPSHOT.jar[C[C[C[C[C[C[C[C[C[C./stub.sh space[K[K[K[K[K[K[K[K[K[K[K[K[K[K[K[Kls
broker.sh		company.run		market.sh		stub.sh
company copy 3.sh	company.sh		marketagent.sh
bash-3.2$ cd ..
bash-3.2$ Broker/target/bro[K[K[K[K[K[K[K[K[K[K[K[K[K[K[K[K[Kmsv[K[Kcd ..[3Plsjava -jar ../Company/target/company-1.0-SNAPSHOT.jar[C[C[C[C[C[C[C[C[C[C./stub.sh space[K[C[C[C[C[C[C[C[C[C[Cdirname /Users/dietl_ma/Studium/_WIEN/VPS/lab1/scripts[C[C[C[C[C[C[C[C[C[C[C[C[C[C[C[C[C[Cpwd[K[4@pwd [C[C[C[C[C[C[C[C[C[C[C..[K[K[1Pls./stub.sh space[Kls[Kcd scripts/:q[Kmvn clean install[C[C[C[C[C[C[C[C[C[Cjava -jar Investor/target/investor-1.0-SNAPSHOT.jar --spring.profiles.active=space  --id=567 --budget=10000[C[C[C[C[C[C[C[C[C[Cmvn clean install[K
[INFO] Scanning for projects...
[WARNING] 
[WARNING] Some problems were encountered while building the effective model for ac.at.tuwien.sbc:investor:jar:1.0-SNAPSHOT
[WARNING] 'build.plugins.plugin.version' for org.codehaus.mojo:ideauidesigner-maven-plugin is missing. @ line 35, column 21
[WARNING] 
[WARNING] Some problems were encountered while building the effective model for ac.at.tuwien.sbc:market:jar:1.0-SNAPSHOT
[WARNING] 'build.plugins.plugin.version' for org.codehaus.mojo:ideauidesigner-maven-plugin is missing. @ line 43, column 21
[WARNING] 
[WARNING] It is highly recommended to fix these problems because they threaten the stability of your build.
[WARNING] 
[WARNING] For this reason, future Maven versions might no longer support building such malformed projects.
[WARNING] 
[ERROR] Two or more projects in the reactor have the same identifier, please make sure that <groupId>:<artifactId>:<version> is unique for each project: {ac.at.tuwien.sbc:apprunner:1.0-SNAPSHOT=[/Users/dietl_ma/Studium/_WIEN/VPS/lab1/Apprunner/pom.xml, /Users/dietl_ma/Studium/_WIEN/VPS/lab1/AppRunner/pom.xml]} -> [Help 1]
[ERROR] 
[ERROR] To see the full stack trace of the errors, re-run Maven with the -e switch.
[ERROR] Re-run Maven using the -X switch to enable full debug logging.
[ERROR] 
[ERROR] For more information about the errors and possible solutions, please read the following articles:
[ERROR] [Help 1] http://cwiki.apache.org/confluence/display/MAVEN/DuplicateProjectException
bash-3.2$ mvn clean install
[INFO] Scanning for projects...
[WARNING] 
[WARNING] Some problems were encountered while building the effective model for ac.at.tuwien.sbc:investor:jar:1.0-SNAPSHOT
[WARNING] 'build.plugins.plugin.version' for org.codehaus.mojo:ideauidesigner-maven-plugin is missing. @ line 35, column 21
[WARNING] 
[WARNING] Some problems were encountered while building the effective model for ac.at.tuwien.sbc:market:jar:1.0-SNAPSHOT
[WARNING] 'build.plugins.plugin.version' for org.codehaus.mojo:ideauidesigner-maven-plugin is missing. @ line 43, column 21
[WARNING] 
[WARNING] Some problems were encountered while building the effective model for ac.at.tuwien.sbc:apprunner:jar:1.0-SNAPSHOT
[WARNING] 'build.plugins.plugin.version' for org.codehaus.mojo:ideauidesigner-maven-plugin is missing. @ line 21, column 21
[WARNING] 
[WARNING] It is highly recommended to fix these problems because they threaten the stability of your build.
[WARNING] 
[WARNING] For this reason, future Maven versions might no longer support building such malformed projects.
[WARNING] 
[INFO] ------------------------------------------------------------------------
[INFO] Reactor Build Order:
[INFO] 
[INFO] stockexchange
[INFO] domain
[INFO] broker
[INFO] company
[INFO] investor
[INFO] market
[INFO] marketagent
[INFO] apprunner
[INFO]                                                                         
[INFO] ------------------------------------------------------------------------
[INFO] Building stockexchange 1.0-SNAPSHOT
[INFO] ------------------------------------------------------------------------
[INFO] 
[INFO] --- maven-clean-plugin:2.5:clean (default-clean) @ stockexchange ---
[INFO] 
[INFO] --- maven-install-plugin:2.5.2:install (default-install) @ stockexchange ---
[INFO] Installing /Users/dietl_ma/Studium/_WIEN/VPS/lab1/pom.xml to /Users/dietl_ma/.m2/repository/ac/at/tuwien/sbc/stockexchange/1.0-SNAPSHOT/stockexchange-1.0-SNAPSHOT.pom
[INFO]                                                                         
[INFO] ------------------------------------------------------------------------
[INFO] Building domain 1.0-SNAPSHOT
[INFO] ------------------------------------------------------------------------
[INFO] 
[INFO] --- maven-clean-plugin:2.5:clean (default-clean) @ domain ---
[INFO] Deleting /Users/dietl_ma/Studium/_WIEN/VPS/lab1/Domain/target
[INFO] 
[INFO] --- maven-resources-plugin:2.6:resources (default-resources) @ domain ---
[INFO] Using 'UTF-8' encoding to copy filtered resources.
[INFO] Copying 0 resource
[INFO] Copying 0 resource
[INFO] 
[INFO] --- maven-compiler-plugin:3.1:compile (default-compile) @ domain ---
[INFO] Changes detected - recompiling the module!
[INFO] Compiling 16 source files to /Users/dietl_ma/Studium/_WIEN/VPS/lab1/Domain/target/classes
[INFO] 
[INFO] --- maven-resources-plugin:2.6:testResources (default-testResources) @ domain ---
[INFO] Using 'UTF-8' encoding to copy filtered resources.
[INFO] skip non existing resourceDirectory /Users/dietl_ma/Studium/_WIEN/VPS/lab1/Domain/src/test/resources
[INFO] 
[INFO] --- maven-compiler-plugin:3.1:testCompile (default-testCompile) @ domain ---
[INFO] Nothing to compile - all classes are up to date
[INFO] 
[INFO] --- maven-surefire-plugin:2.17:test (default-test) @ domain ---
[INFO] No tests to run.
[INFO] 
[INFO] --- maven-jar-plugin:2.5:jar (default-jar) @ domain ---
[INFO] Building jar: /Users/dietl_ma/Studium/_WIEN/VPS/lab1/Domain/target/domain-1.0-SNAPSHOT.jar
[INFO] 
[INFO] --- maven-install-plugin:2.5.2:install (default-install) @ domain ---
[INFO] Installing /Users/dietl_ma/Studium/_WIEN/VPS/lab1/Domain/target/domain-1.0-SNAPSHOT.jar to /Users/dietl_ma/.m2/repository/ac/at/tuwien/sbc/domain/1.0-SNAPSHOT/domain-1.0-SNAPSHOT.jar
[INFO] Installing /Users/dietl_ma/Studium/_WIEN/VPS/lab1/Domain/pom.xml to /Users/dietl_ma/.m2/repository/ac/at/tuwien/sbc/domain/1.0-SNAPSHOT/domain-1.0-SNAPSHOT.pom
[INFO]                                                                         
[INFO] ------------------------------------------------------------------------
[INFO] Building broker 1.0-SNAPSHOT
[INFO] ------------------------------------------------------------------------
[INFO] 
[INFO] --- maven-clean-plugin:2.5:clean (default-clean) @ broker ---
[INFO] Deleting /Users/dietl_ma/Studium/_WIEN/VPS/lab1/Broker/target
[INFO] 
[INFO] --- maven-resources-plugin:2.6:resources (default-resources) @ broker ---
[INFO] Using 'UTF-8' encoding to copy filtered resources.
[INFO] Copying 0 resource
[INFO] Copying 0 resource
[INFO] 
[INFO] --- maven-compiler-plugin:3.1:compile (default-compile) @ broker ---
[INFO] Changes detected - recompiling the module!
[INFO] Compiling 8 source files to /Users/dietl_ma/Studium/_WIEN/VPS/lab1/Broker/target/classes
[WARNING] /Users/dietl_ma/Studium/_WIEN/VPS/lab1/Broker/src/main/java/ac/at/tuwien/sbc/broker/workflow/amqp/AmqpCoordinationService.java: Some input files use unchecked or unsafe operations.
[WARNING] /Users/dietl_ma/Studium/_WIEN/VPS/lab1/Broker/src/main/java/ac/at/tuwien/sbc/broker/workflow/amqp/AmqpCoordinationService.java: Recompile with -Xlint:unchecked for details.
[INFO] 
[INFO] --- maven-resources-plugin:2.6:testResources (default-testResources) @ broker ---
[INFO] Using 'UTF-8' encoding to copy filtered resources.
[INFO] skip non existing resourceDirectory /Users/dietl_ma/Studium/_WIEN/VPS/lab1/Broker/src/test/resources
[INFO] 
[INFO] --- maven-compiler-plugin:3.1:testCompile (default-testCompile) @ broker ---
[INFO] Nothing to compile - all classes are up to date
[INFO] 
[INFO] --- maven-surefire-plugin:2.17:test (default-test) @ broker ---
[INFO] No tests to run.
[INFO] 
[INFO] --- maven-jar-plugin:2.5:jar (default-jar) @ broker ---
[INFO] Building jar: /Users/dietl_ma/Studium/_WIEN/VPS/lab1/Broker/target/broker-1.0-SNAPSHOT.jar
[INFO] 
[INFO] --- spring-boot-maven-plugin:1.2.2.RELEASE:repackage (default) @ broker ---
[INFO] 
[INFO] --- maven-install-plugin:2.5.2:install (default-install) @ broker ---
[INFO] Installing /Users/dietl_ma/Studium/_WIEN/VPS/lab1/Broker/target/broker-1.0-SNAPSHOT.jar to /Users/dietl_ma/.m2/repository/ac/at/tuwien/sbc/broker/1.0-SNAPSHOT/broker-1.0-SNAPSHOT.jar
[INFO] Installing /Users/dietl_ma/Studium/_WIEN/VPS/lab1/Broker/pom.xml to /Users/dietl_ma/.m2/repository/ac/at/tuwien/sbc/broker/1.0-SNAPSHOT/broker-1.0-SNAPSHOT.pom
[INFO]                                                                         
[INFO] ------------------------------------------------------------------------
[INFO] Building company 1.0-SNAPSHOT
[INFO] ------------------------------------------------------------------------
[INFO] 
[INFO] --- maven-clean-plugin:2.5:clean (default-clean) @ company ---
[INFO] Deleting /Users/dietl_ma/Studium/_WIEN/VPS/lab1/Company/target
[INFO] 
[INFO] --- maven-resources-plugin:2.6:resources (default-resources) @ company ---
[INFO] Using 'UTF-8' encoding to copy filtered resources.
[INFO] Copying 0 resource
[INFO] Copying 0 resource
[INFO] 
[INFO] --- maven-compiler-plugin:3.1:compile (default-compile) @ company ---
[INFO] Changes detected - recompiling the module!
[INFO] Compiling 6 source files to /Users/dietl_ma/Studium/_WIEN/VPS/lab1/Company/target/classes
[INFO] 
[INFO] --- maven-resources-plugin:2.6:testResources (default-testResources) @ company ---
[INFO] Using 'UTF-8' encoding to copy filtered resources.
[INFO] skip non existing resourceDirectory /Users/dietl_ma/Studium/_WIEN/VPS/lab1/Company/src/test/resources
[INFO] 
[INFO] --- maven-compiler-plugin:3.1:testCompile (default-testCompile) @ company ---
[INFO] Nothing to compile - all classes are up to date
[INFO] 
[INFO] --- maven-surefire-plugin:2.17:test (default-test) @ company ---
[INFO] No tests to run.
[INFO] 
[INFO] --- maven-jar-plugin:2.5:jar (default-jar) @ company ---
[INFO] Building jar: /Users/dietl_ma/Studium/_WIEN/VPS/lab1/Company/target/company-1.0-SNAPSHOT.jar
[INFO] 
[INFO] --- spring-boot-maven-plugin:1.2.2.RELEASE:repackage (default) @ company ---
[INFO] 
[INFO] --- maven-install-plugin:2.5.2:install (default-install) @ company ---
[INFO] Installing /Users/dietl_ma/Studium/_WIEN/VPS/lab1/Company/target/company-1.0-SNAPSHOT.jar to /Users/dietl_ma/.m2/repository/ac/at/tuwien/sbc/company/1.0-SNAPSHOT/company-1.0-SNAPSHOT.jar
[INFO] Installing /Users/dietl_ma/Studium/_WIEN/VPS/lab1/Company/pom.xml to /Users/dietl_ma/.m2/repository/ac/at/tuwien/sbc/company/1.0-SNAPSHOT/company-1.0-SNAPSHOT.pom
[INFO]                                                                         
[INFO] ------------------------------------------------------------------------
[INFO] Building investor 1.0-SNAPSHOT
[INFO] ------------------------------------------------------------------------
[INFO] 
[INFO] --- maven-clean-plugin:2.5:clean (default-clean) @ investor ---
[INFO] Deleting /Users/dietl_ma/Studium/_WIEN/VPS/lab1/Investor/target
[INFO] 
[INFO] --- maven-resources-plugin:2.6:resources (default-resources) @ investor ---
[INFO] Using 'UTF-8' encoding to copy filtered resources.
[INFO] Copying 0 resource
[INFO] Copying 0 resource
[INFO] 
[INFO] --- maven-compiler-plugin:3.1:compile (default-compile) @ investor ---
[INFO] Changes detected - recompiling the module!
[INFO] Compiling 10 source files to /Users/dietl_ma/Studium/_WIEN/VPS/lab1/Investor/target/classes
[WARNING] /Users/dietl_ma/Studium/_WIEN/VPS/lab1/Investor/src/main/java/ac/at/tuwien/sbc/investor/workflow/amqp/AmqpCoordinationService.java: Some input files use unchecked or unsafe operations.
[WARNING] /Users/dietl_ma/Studium/_WIEN/VPS/lab1/Investor/src/main/java/ac/at/tuwien/sbc/investor/workflow/amqp/AmqpCoordinationService.java: Recompile with -Xlint:unchecked for details.
[INFO] 
[INFO] --- ideauidesigner-maven-plugin:1.0-beta-1:javac2 (default) @ investor ---
[INFO] Executing IDEA UI Designer task...
[INFO] 
[INFO] --- maven-resources-plugin:2.6:testResources (default-testResources) @ investor ---
[INFO] Using 'UTF-8' encoding to copy filtered resources.
[INFO] skip non existing resourceDirectory /Users/dietl_ma/Studium/_WIEN/VPS/lab1/Investor/src/test/resources
[INFO] 
[INFO] --- maven-compiler-plugin:3.1:testCompile (default-testCompile) @ investor ---
[INFO] Nothing to compile - all classes are up to date
[INFO] 
[INFO] --- maven-surefire-plugin:2.17:test (default-test) @ investor ---
[INFO] No tests to run.
[INFO] 
[INFO] --- maven-jar-plugin:2.5:jar (default-jar) @ investor ---
[INFO] Building jar: /Users/dietl_ma/Studium/_WIEN/VPS/lab1/Investor/target/investor-1.0-SNAPSHOT.jar
[INFO] 
[INFO] --- spring-boot-maven-plugin:1.2.2.RELEASE:repackage (default) @ investor ---
[INFO] 
[INFO] --- maven-dependency-plugin:2.9:copy-dependencies (copy-dependencies) @ investor ---
[INFO] Copying objenesis-2.1.jar to /Users/dietl_ma/Studium/_WIEN/VPS/lab1/Investor/target/lib/objenesis-2.1.jar
[INFO] Copying mozartspaces-capi3-javanative-2.3-SNAPSHOT.jar to /Users/dietl_ma/Studium/_WIEN/VPS/lab1/Investor/target/lib/mozartspaces-capi3-javanative-2.3-SNAPSHOT.jar
[INFO] Copying asm-commons-3.0.jar to /Users/dietl_ma/Studium/_WIEN/VPS/lab1/Investor/target/lib/asm-commons-3.0.jar
[INFO] Copying asm-3.0.jar to /Users/dietl_ma/Studium/_WIEN/VPS/lab1/Investor/target/lib/asm-3.0.jar
[INFO] Copying jul-to-slf4j-1.7.10.jar to /Users/dietl_ma/Studium/_WIEN/VPS/lab1/Investor/target/lib/jul-to-slf4j-1.7.10.jar
[INFO] Copying commons-digester-2.1.jar to /Users/dietl_ma/Studium/_WIEN/VPS/lab1/Investor/target/lib/commons-digester-2.1.jar
[INFO] Copying concurrent-trees-2.1.0.jar to /Users/dietl_ma/Studium/_WIEN/VPS/lab1/Investor/target/lib/concurrent-trees-2.1.0.jar
[INFO] Copying jcl-over-slf4j-1.7.10.jar to /Users/dietl_ma/Studium/_WIEN/VPS/lab1/Investor/target/lib/jcl-over-slf4j-1.7.10.jar
[INFO] Copying jcip-annotations-1.0.jar to /Users/dietl_ma/Studium/_WIEN/VPS/lab1/Investor/target/lib/jcip-annotations-1.0.jar
[INFO] Copying jackson-databind-2.4.5.jar to /Users/dietl_ma/Studium/_WIEN/VPS/lab1/Investor/target/lib/jackson-databind-2.4.5.jar
[INFO] Copying spring-expression-4.1.5.RELEASE.jar to /Users/dietl_ma/Studium/_WIEN/VPS/lab1/Investor/target/lib/spring-expression-4.1.5.RELEASE.jar
[INFO] Copying spring-boot-starter-test-1.2.2.RELEASE.jar to /Users/dietl_ma/Studium/_WIEN/VPS/lab1/Investor/target/lib/spring-boot-starter-test-1.2.2.RELEASE.jar
[INFO] Copying commons-logging-1.1.1.jar to /Users/dietl_ma/Studium/_WIEN/VPS/lab1/Investor/target/lib/commons-logging-1.1.1.jar
[INFO] Copying spring-retry-1.1.2.RELEASE.jar to /Users/dietl_ma/Studium/_WIEN/VPS/lab1/Investor/target/lib/spring-retry-1.1.2.RELEASE.jar
[INFO] Copying spring-test-4.1.5.RELEASE.jar to /Users/dietl_ma/Studium/_WIEN/VPS/lab1/Investor/target/lib/spring-test-4.1.5.RELEASE.jar
[INFO] Copying amqp-client-3.4.2.jar to /Users/dietl_ma/Studium/_WIEN/VPS/lab1/Investor/target/lib/amqp-client-3.4.2.jar
[INFO] Copying jackson-mapper-asl-1.9.13.jar to /Users/dietl_ma/Studium/_WIEN/VPS/lab1/Investor/target/lib/jackson-mapper-asl-1.9.13.jar
[INFO] Copying spring-boot-autoconfigure-1.2.2.RELEASE.jar to /Users/dietl_ma/Studium/_WIEN/VPS/lab1/Investor/target/lib/spring-boot-autoconfigure-1.2.2.RELEASE.jar
[INFO] Copying spring-boot-starter-amqp-1.2.2.RELEASE.jar to /Users/dietl_ma/Studium/_WIEN/VPS/lab1/Investor/target/lib/spring-boot-starter-amqp-1.2.2.RELEASE.jar
[INFO] Copying spring-beans-4.1.5.RELEASE.jar to /Users/dietl_ma/Studium/_WIEN/VPS/lab1/Investor/target/lib/spring-beans-4.1.5.RELEASE.jar
[INFO] Copying mockito-core-1.10.19.jar to /Users/dietl_ma/Studium/_WIEN/VPS/lab1/Investor/target/lib/mockito-core-1.10.19.jar
[INFO] Copying spring-core-4.1.5.RELEASE.jar to /Users/dietl_ma/Studium/_WIEN/VPS/lab1/Investor/target/lib/spring-core-4.1.5.RELEASE.jar
[INFO] Copying mozartspaces-notifications-2.3-SNAPSHOT.jar to /Users/dietl_ma/Studium/_WIEN/VPS/lab1/Investor/target/lib/mozartspaces-notifications-2.3-SNAPSHOT.jar
[INFO] Copying spring-rabbit-1.4.3.RELEASE.jar to /Users/dietl_ma/Studium/_WIEN/VPS/lab1/Investor/target/lib/spring-rabbit-1.4.3.RELEASE.jar
[INFO] Copying forms-1.1-preview.jar to /Users/dietl_ma/Studium/_WIEN/VPS/lab1/Investor/target/lib/forms-1.1-preview.jar
[INFO] Copying logback-classic-1.1.2.jar to /Users/dietl_ma/Studium/_WIEN/VPS/lab1/Investor/target/lib/logback-classic-1.1.2.jar
[INFO] Copying asm-tree-3.0.jar to /Users/dietl_ma/Studium/_WIEN/VPS/lab1/Investor/target/lib/asm-tree-3.0.jar
[INFO] Copying commons-beanutils-core-1.8.0.jar to /Users/dietl_ma/Studium/_WIEN/VPS/lab1/Investor/target/lib/commons-beanutils-core-1.8.0.jar
[INFO] Copying aopalliance-1.0.jar to /Users/dietl_ma/Studium/_WIEN/VPS/lab1/Investor/target/lib/aopalliance-1.0.jar
[INFO] Copying slf4j-api-1.7.10.jar to /Users/dietl_ma/Studium/_WIEN/VPS/lab1/Investor/target/lib/slf4j-api-1.7.10.jar
[INFO] Copying mozartspaces-runtime-2.3-SNAPSHOT.jar to /Users/dietl_ma/Studium/_WIEN/VPS/lab1/Investor/target/lib/mozartspaces-runtime-2.3-SNAPSHOT.jar
[INFO] Copying forms_rt-7.0.3.jar to /Users/dietl_ma/Studium/_WIEN/VPS/lab1/Investor/target/lib/forms_rt-7.0.3.jar
[INFO] Copying spring-boot-starter-1.2.2.RELEASE.jar to /Users/dietl_ma/Studium/_WIEN/VPS/lab1/Investor/target/lib/spring-boot-starter-1.2.2.RELEASE.jar
[INFO] Copying log4j-over-slf4j-1.7.10.jar to /Users/dietl_ma/Studium/_WIEN/VPS/lab1/Investor/target/lib/log4j-over-slf4j-1.7.10.jar
[INFO] Copying spring-aop-4.1.5.RELEASE.jar to /Users/dietl_ma/Studium/_WIEN/VPS/lab1/Investor/target/lib/spring-aop-4.1.5.RELEASE.jar
[INFO] Copying spring-tx-4.1.5.RELEASE.jar to /Users/dietl_ma/Studium/_WIEN/VPS/lab1/Investor/target/lib/spring-tx-4.1.5.RELEASE.jar
[INFO] Copying hamcrest-library-1.3.jar to /Users/dietl_ma/Studium/_WIEN/VPS/lab1/Investor/target/lib/hamcrest-library-1.3.jar
[INFO] Copying mozartspaces-core-common-2.3-SNAPSHOT.jar to /Users/dietl_ma/Studium/_WIEN/VPS/lab1/Investor/target/lib/mozartspaces-core-common-2.3-SNAPSHOT.jar
[INFO] Copying jackson-core-2.4.5.jar to /Users/dietl_ma/Studium/_WIEN/VPS/lab1/Investor/target/lib/jackson-core-2.4.5.jar
[INFO] Copying spring-boot-1.2.2.RELEASE.jar to /Users/dietl_ma/Studium/_WIEN/VPS/lab1/Investor/target/lib/spring-boot-1.2.2.RELEASE.jar
[INFO] Copying hamcrest-core-1.3.jar to /Users/dietl_ma/Studium/_WIEN/VPS/lab1/Investor/target/lib/hamcrest-core-1.3.jar
[INFO] Copying commons-lang-2.4.jar to /Users/dietl_ma/Studium/_WIEN/VPS/lab1/Investor/target/lib/commons-lang-2.4.jar
[INFO] Copying spring-context-4.1.5.RELEASE.jar to /Users/dietl_ma/Studium/_WIEN/VPS/lab1/Investor/target/lib/spring-context-4.1.5.RELEASE.jar
[INFO] Copying snakeyaml-1.14.jar to /Users/dietl_ma/Studium/_WIEN/VPS/lab1/Investor/target/lib/snakeyaml-1.14.jar
[INFO] Copying commons-beanutils-1.9.2.jar to /Users/dietl_ma/Studium/_WIEN/VPS/lab1/Investor/target/lib/commons-beanutils-1.9.2.jar
[INFO] Copying commons-collections-3.2.1.jar to /Users/dietl_ma/Studium/_WIEN/VPS/lab1/Investor/target/lib/commons-collections-3.2.1.jar
[INFO] Copying cqengine-1.3.2.jar to /Users/dietl_ma/Studium/_WIEN/VPS/lab1/Investor/target/lib/cqengine-1.3.2.jar
[INFO] Copying spring-messaging-4.1.5.RELEASE.jar to /Users/dietl_ma/Studium/_WIEN/VPS/lab1/Investor/target/lib/spring-messaging-4.1.5.RELEASE.jar
[INFO] Copying mozartspaces-core-api-2.3-SNAPSHOT.jar to /Users/dietl_ma/Studium/_WIEN/VPS/lab1/Investor/target/lib/mozartspaces-core-api-2.3-SNAPSHOT.jar
[INFO] Copying commons-configuration-1.6.jar to /Users/dietl_ma/Studium/_WIEN/VPS/lab1/Investor/target/lib/commons-configuration-1.6.jar
[INFO] Copying jackson-core-asl-1.9.13.jar to /Users/dietl_ma/Studium/_WIEN/VPS/lab1/Investor/target/lib/jackson-core-asl-1.9.13.jar
[INFO] Copying spring-boot-starter-logging-1.2.2.RELEASE.jar to /Users/dietl_ma/Studium/_WIEN/VPS/lab1/Investor/target/lib/spring-boot-starter-logging-1.2.2.RELEASE.jar
[INFO] Copying jackson-annotations-2.4.5.jar to /Users/dietl_ma/Studium/_WIEN/VPS/lab1/Investor/target/lib/jackson-annotations-2.4.5.jar
[INFO] Copying domain-1.0-SNAPSHOT.jar to /Users/dietl_ma/Studium/_WIEN/VPS/lab1/Investor/target/lib/domain-1.0-SNAPSHOT.jar
[INFO] Copying jdom-1.0.jar to /Users/dietl_ma/Studium/_WIEN/VPS/lab1/Investor/target/lib/jdom-1.0.jar
[INFO] Copying spring-amqp-1.4.3.RELEASE.jar to /Users/dietl_ma/Studium/_WIEN/VPS/lab1/Investor/target/lib/spring-amqp-1.4.3.RELEASE.jar
[INFO] Copying logback-core-1.1.2.jar to /Users/dietl_ma/Studium/_WIEN/VPS/lab1/Investor/target/lib/logback-core-1.1.2.jar
[INFO] Copying mozartspaces-capi3-api-2.3-SNAPSHOT.jar to /Users/dietl_ma/Studium/_WIEN/VPS/lab1/Investor/target/lib/mozartspaces-capi3-api-2.3-SNAPSHOT.jar
[INFO] Copying junit-4.12.jar to /Users/dietl_ma/Studium/_WIEN/VPS/lab1/Investor/target/lib/junit-4.12.jar
[INFO] 
[INFO] --- maven-install-plugin:2.5.2:install (default-install) @ investor ---
[INFO] Installing /Users/dietl_ma/Studium/_WIEN/VPS/lab1/Investor/target/investor-1.0-SNAPSHOT.jar to /Users/dietl_ma/.m2/repository/ac/at/tuwien/sbc/investor/1.0-SNAPSHOT/investor-1.0-SNAPSHOT.jar
[INFO] Installing /Users/dietl_ma/Studium/_WIEN/VPS/lab1/Investor/pom.xml to /Users/dietl_ma/.m2/repository/ac/at/tuwien/sbc/investor/1.0-SNAPSHOT/investor-1.0-SNAPSHOT.pom
[INFO]                                                                         
[INFO] ------------------------------------------------------------------------
[INFO] Building market 1.0-SNAPSHOT
[INFO] ------------------------------------------------------------------------
[INFO] 
[INFO] --- maven-clean-plugin:2.5:clean (default-clean) @ market ---
[INFO] Deleting /Users/dietl_ma/Studium/_WIEN/VPS/lab1/Market/target
[INFO] 
[INFO] --- maven-resources-plugin:2.6:resources (default-resources) @ market ---
[INFO] Using 'UTF-8' encoding to copy filtered resources.
[INFO] Copying 0 resource
[INFO] Copying 0 resource
[INFO] 
[INFO] --- maven-compiler-plugin:3.1:compile (default-compile) @ market ---
[INFO] Changes detected - recompiling the module!
[INFO] Compiling 16 source files to /Users/dietl_ma/Studium/_WIEN/VPS/lab1/Market/target/classes
[WARNING] /Users/dietl_ma/Studium/_WIEN/VPS/lab1/Market/src/main/java/ac/at/tuwien/sbc/market/workflow/amqp/AmqpPublisherService.java: Some input files use unchecked or unsafe operations.
[WARNING] /Users/dietl_ma/Studium/_WIEN/VPS/lab1/Market/src/main/java/ac/at/tuwien/sbc/market/workflow/amqp/AmqpPublisherService.java: Recompile with -Xlint:unchecked for details.
[INFO] 
[INFO] --- ideauidesigner-maven-plugin:1.0-beta-1:javac2 (default) @ market ---
[INFO] Executing IDEA UI Designer task...
[INFO] 
[INFO] --- maven-resources-plugin:2.6:testResources (default-testResources) @ market ---
[INFO] Using 'UTF-8' encoding to copy filtered resources.
[INFO] skip non existing resourceDirectory /Users/dietl_ma/Studium/_WIEN/VPS/lab1/Market/src/test/resources
[INFO] 
[INFO] --- maven-compiler-plugin:3.1:testCompile (default-testCompile) @ market ---
[INFO] Nothing to compile - all classes are up to date
[INFO] 
[INFO] --- maven-surefire-plugin:2.17:test (default-test) @ market ---
[INFO] No tests to run.
[INFO] 
[INFO] --- maven-jar-plugin:2.5:jar (default-jar) @ market ---
[INFO] Building jar: /Users/dietl_ma/Studium/_WIEN/VPS/lab1/Market/target/market-1.0-SNAPSHOT.jar
[INFO] 
[INFO] --- spring-boot-maven-plugin:1.2.2.RELEASE:repackage (default) @ market ---
[INFO] 
[INFO] --- maven-dependency-plugin:2.9:copy-dependencies (copy-dependencies) @ market ---
[INFO] Copying objenesis-2.1.jar to /Users/dietl_ma/Studium/_WIEN/VPS/lab1/Market/target/lib/objenesis-2.1.jar
[INFO] Copying mozartspaces-capi3-javanative-2.3-SNAPSHOT.jar to /Users/dietl_ma/Studium/_WIEN/VPS/lab1/Market/target/lib/mozartspaces-capi3-javanative-2.3-SNAPSHOT.jar
[INFO] Copying asm-commons-3.0.jar to /Users/dietl_ma/Studium/_WIEN/VPS/lab1/Market/target/lib/asm-commons-3.0.jar
[INFO] Copying asm-3.0.jar to /Users/dietl_ma/Studium/_WIEN/VPS/lab1/Market/target/lib/asm-3.0.jar
[INFO] Copying jul-to-slf4j-1.7.10.jar to /Users/dietl_ma/Studium/_WIEN/VPS/lab1/Market/target/lib/jul-to-slf4j-1.7.10.jar
[INFO] Copying commons-digester-2.1.jar to /Users/dietl_ma/Studium/_WIEN/VPS/lab1/Market/target/lib/commons-digester-2.1.jar
[INFO] Copying concurrent-trees-2.1.0.jar to /Users/dietl_ma/Studium/_WIEN/VPS/lab1/Market/target/lib/concurrent-trees-2.1.0.jar
[INFO] Copying jcl-over-slf4j-1.7.10.jar to /Users/dietl_ma/Studium/_WIEN/VPS/lab1/Market/target/lib/jcl-over-slf4j-1.7.10.jar
[INFO] Copying jcip-annotations-1.0.jar to /Users/dietl_ma/Studium/_WIEN/VPS/lab1/Market/target/lib/jcip-annotations-1.0.jar
[INFO] Copying jackson-databind-2.4.5.jar to /Users/dietl_ma/Studium/_WIEN/VPS/lab1/Market/target/lib/jackson-databind-2.4.5.jar
[INFO] Copying spring-expression-4.1.5.RELEASE.jar to /Users/dietl_ma/Studium/_WIEN/VPS/lab1/Market/target/lib/spring-expression-4.1.5.RELEASE.jar
[INFO] Copying spring-boot-starter-test-1.2.2.RELEASE.jar to /Users/dietl_ma/Studium/_WIEN/VPS/lab1/Market/target/lib/spring-boot-starter-test-1.2.2.RELEASE.jar
[INFO] Copying commons-logging-1.1.1.jar to /Users/dietl_ma/Studium/_WIEN/VPS/lab1/Market/target/lib/commons-logging-1.1.1.jar
[INFO] Copying spring-retry-1.1.2.RELEASE.jar to /Users/dietl_ma/Studium/_WIEN/VPS/lab1/Market/target/lib/spring-retry-1.1.2.RELEASE.jar
[INFO] Copying spring-test-4.1.5.RELEASE.jar to /Users/dietl_ma/Studium/_WIEN/VPS/lab1/Market/target/lib/spring-test-4.1.5.RELEASE.jar
[INFO] Copying amqp-client-3.4.2.jar to /Users/dietl_ma/Studium/_WIEN/VPS/lab1/Market/target/lib/amqp-client-3.4.2.jar
[INFO] Copying jackson-mapper-asl-1.9.13.jar to /Users/dietl_ma/Studium/_WIEN/VPS/lab1/Market/target/lib/jackson-mapper-asl-1.9.13.jar
[INFO] Copying spring-boot-autoconfigure-1.2.2.RELEASE.jar to /Users/dietl_ma/Studium/_WIEN/VPS/lab1/Market/target/lib/spring-boot-autoconfigure-1.2.2.RELEASE.jar
[INFO] Copying spring-boot-starter-amqp-1.2.2.RELEASE.jar to /Users/dietl_ma/Studium/_WIEN/VPS/lab1/Market/target/lib/spring-boot-starter-amqp-1.2.2.RELEASE.jar
[INFO] Copying spring-beans-4.1.5.RELEASE.jar to /Users/dietl_ma/Studium/_WIEN/VPS/lab1/Market/target/lib/spring-beans-4.1.5.RELEASE.jar
[INFO] Copying mockito-core-1.10.19.jar to /Users/dietl_ma/Studium/_WIEN/VPS/lab1/Market/target/lib/mockito-core-1.10.19.jar
[INFO] Copying spring-core-4.1.5.RELEASE.jar to /Users/dietl_ma/Studium/_WIEN/VPS/lab1/Market/target/lib/spring-core-4.1.5.RELEASE.jar
[INFO] Copying mozartspaces-notifications-2.3-SNAPSHOT.jar to /Users/dietl_ma/Studium/_WIEN/VPS/lab1/Market/target/lib/mozartspaces-notifications-2.3-SNAPSHOT.jar
[INFO] Copying spring-rabbit-1.4.3.RELEASE.jar to /Users/dietl_ma/Studium/_WIEN/VPS/lab1/Market/target/lib/spring-rabbit-1.4.3.RELEASE.jar
[INFO] Copying forms-1.1-preview.jar to /Users/dietl_ma/Studium/_WIEN/VPS/lab1/Market/target/lib/forms-1.1-preview.jar
[INFO] Copying logback-classic-1.1.2.jar to /Users/dietl_ma/Studium/_WIEN/VPS/lab1/Market/target/lib/logback-classic-1.1.2.jar
[INFO] Copying asm-tree-3.0.jar to /Users/dietl_ma/Studium/_WIEN/VPS/lab1/Market/target/lib/asm-tree-3.0.jar
[INFO] Copying commons-beanutils-core-1.8.0.jar to /Users/dietl_ma/Studium/_WIEN/VPS/lab1/Market/target/lib/commons-beanutils-core-1.8.0.jar
[INFO] Copying aopalliance-1.0.jar to /Users/dietl_ma/Studium/_WIEN/VPS/lab1/Market/target/lib/aopalliance-1.0.jar
[INFO] Copying slf4j-api-1.7.10.jar to /Users/dietl_ma/Studium/_WIEN/VPS/lab1/Market/target/lib/slf4j-api-1.7.10.jar
[INFO] Copying mozartspaces-runtime-2.3-SNAPSHOT.jar to /Users/dietl_ma/Studium/_WIEN/VPS/lab1/Market/target/lib/mozartspaces-runtime-2.3-SNAPSHOT.jar
[INFO] Copying forms_rt-7.0.3.jar to /Users/dietl_ma/Studium/_WIEN/VPS/lab1/Market/target/lib/forms_rt-7.0.3.jar
[INFO] Copying spring-boot-starter-1.2.2.RELEASE.jar to /Users/dietl_ma/Studium/_WIEN/VPS/lab1/Market/target/lib/spring-boot-starter-1.2.2.RELEASE.jar
[INFO] Copying log4j-over-slf4j-1.7.10.jar to /Users/dietl_ma/Studium/_WIEN/VPS/lab1/Market/target/lib/log4j-over-slf4j-1.7.10.jar
[INFO] Copying spring-aop-4.1.5.RELEASE.jar to /Users/dietl_ma/Studium/_WIEN/VPS/lab1/Market/target/lib/spring-aop-4.1.5.RELEASE.jar
[INFO] Copying spring-tx-4.1.5.RELEASE.jar to /Users/dietl_ma/Studium/_WIEN/VPS/lab1/Market/target/lib/spring-tx-4.1.5.RELEASE.jar
[INFO] Copying hamcrest-library-1.3.jar to /Users/dietl_ma/Studium/_WIEN/VPS/lab1/Market/target/lib/hamcrest-library-1.3.jar
[INFO] Copying mozartspaces-core-common-2.3-SNAPSHOT.jar to /Users/dietl_ma/Studium/_WIEN/VPS/lab1/Market/target/lib/mozartspaces-core-common-2.3-SNAPSHOT.jar
[INFO] Copying jackson-core-2.4.5.jar to /Users/dietl_ma/Studium/_WIEN/VPS/lab1/Market/target/lib/jackson-core-2.4.5.jar
[INFO] Copying spring-boot-1.2.2.RELEASE.jar to /Users/dietl_ma/Studium/_WIEN/VPS/lab1/Market/target/lib/spring-boot-1.2.2.RELEASE.jar
[INFO] Copying hamcrest-core-1.3.jar to /Users/dietl_ma/Studium/_WIEN/VPS/lab1/Market/target/lib/hamcrest-core-1.3.jar
[INFO] Copying commons-lang-2.4.jar to /Users/dietl_ma/Studium/_WIEN/VPS/lab1/Market/target/lib/commons-lang-2.4.jar
[INFO] Copying spring-context-4.1.5.RELEASE.jar to /Users/dietl_ma/Studium/_WIEN/VPS/lab1/Market/target/lib/spring-context-4.1.5.RELEASE.jar
[INFO] Copying snakeyaml-1.14.jar to /Users/dietl_ma/Studium/_WIEN/VPS/lab1/Market/target/lib/snakeyaml-1.14.jar
[INFO] Copying commons-beanutils-1.9.2.jar to /Users/dietl_ma/Studium/_WIEN/VPS/lab1/Market/target/lib/commons-beanutils-1.9.2.jar
[INFO] Copying commons-collections-3.2.1.jar to /Users/dietl_ma/Studium/_WIEN/VPS/lab1/Market/target/lib/commons-collections-3.2.1.jar
[INFO] Copying cqengine-1.3.2.jar to /Users/dietl_ma/Studium/_WIEN/VPS/lab1/Market/target/lib/cqengine-1.3.2.jar
[INFO] Copying spring-messaging-4.1.5.RELEASE.jar to /Users/dietl_ma/Studium/_WIEN/VPS/lab1/Market/target/lib/spring-messaging-4.1.5.RELEASE.jar
[INFO] Copying mozartspaces-core-api-2.3-SNAPSHOT.jar to /Users/dietl_ma/Studium/_WIEN/VPS/lab1/Market/target/lib/mozartspaces-core-api-2.3-SNAPSHOT.jar
[INFO] Copying commons-configuration-1.6.jar to /Users/dietl_ma/Studium/_WIEN/VPS/lab1/Market/target/lib/commons-configuration-1.6.jar
[INFO] Copying jackson-core-asl-1.9.13.jar to /Users/dietl_ma/Studium/_WIEN/VPS/lab1/Market/target/lib/jackson-core-asl-1.9.13.jar
[INFO] Copying spring-boot-starter-logging-1.2.2.RELEASE.jar to /Users/dietl_ma/Studium/_WIEN/VPS/lab1/Market/target/lib/spring-boot-starter-logging-1.2.2.RELEASE.jar
[INFO] Copying jackson-annotations-2.4.5.jar to /Users/dietl_ma/Studium/_WIEN/VPS/lab1/Market/target/lib/jackson-annotations-2.4.5.jar
[INFO] Copying domain-1.0-SNAPSHOT.jar to /Users/dietl_ma/Studium/_WIEN/VPS/lab1/Market/target/lib/domain-1.0-SNAPSHOT.jar
[INFO] Copying jdom-1.0.jar to /Users/dietl_ma/Studium/_WIEN/VPS/lab1/Market/target/lib/jdom-1.0.jar
[INFO] Copying spring-amqp-1.4.3.RELEASE.jar to /Users/dietl_ma/Studium/_WIEN/VPS/lab1/Market/target/lib/spring-amqp-1.4.3.RELEASE.jar
[INFO] Copying logback-core-1.1.2.jar to /Users/dietl_ma/Studium/_WIEN/VPS/lab1/Market/target/lib/logback-core-1.1.2.jar
[INFO] Copying mozartspaces-capi3-api-2.3-SNAPSHOT.jar to /Users/dietl_ma/Studium/_WIEN/VPS/lab1/Market/target/lib/mozartspaces-capi3-api-2.3-SNAPSHOT.jar
[INFO] Copying junit-4.12.jar to /Users/dietl_ma/Studium/_WIEN/VPS/lab1/Market/target/lib/junit-4.12.jar
[INFO] 
[INFO] --- maven-install-plugin:2.5.2:install (default-install) @ market ---
[INFO] Installing /Users/dietl_ma/Studium/_WIEN/VPS/lab1/Market/target/market-1.0-SNAPSHOT.jar to /Users/dietl_ma/.m2/repository/ac/at/tuwien/sbc/market/1.0-SNAPSHOT/market-1.0-SNAPSHOT.jar
[INFO] Installing /Users/dietl_ma/Studium/_WIEN/VPS/lab1/Market/pom.xml to /Users/dietl_ma/.m2/repository/ac/at/tuwien/sbc/market/1.0-SNAPSHOT/market-1.0-SNAPSHOT.pom
[INFO]                                                                         
[INFO] ------------------------------------------------------------------------
[INFO] Building marketagent 1.0-SNAPSHOT
[INFO] ------------------------------------------------------------------------
[INFO] 
[INFO] --- maven-clean-plugin:2.5:clean (default-clean) @ marketagent ---
[INFO] Deleting /Users/dietl_ma/Studium/_WIEN/VPS/lab1/MarketAgent/target
[INFO] 
[INFO] --- maven-resources-plugin:2.6:resources (default-resources) @ marketagent ---
[INFO] Using 'UTF-8' encoding to copy filtered resources.
[INFO] Copying 0 resource
[INFO] Copying 0 resource
[INFO] 
[INFO] --- maven-compiler-plugin:3.1:compile (default-compile) @ marketagent ---
[INFO] Changes detected - recompiling the module!
[INFO] Compiling 5 source files to /Users/dietl_ma/Studium/_WIEN/VPS/lab1/MarketAgent/target/classes
[WARNING] /Users/dietl_ma/Studium/_WIEN/VPS/lab1/MarketAgent/src/main/java/ac/at/tuwien/sbc/marketagent/Workflow/amqp/AmqpCoordinationService.java: /Users/dietl_ma/Studium/_WIEN/VPS/lab1/MarketAgent/src/main/java/ac/at/tuwien/sbc/marketagent/Workflow/amqp/AmqpCoordinationService.java uses unchecked or unsafe operations.
[WARNING] /Users/dietl_ma/Studium/_WIEN/VPS/lab1/MarketAgent/src/main/java/ac/at/tuwien/sbc/marketagent/Workflow/amqp/AmqpCoordinationService.java: Recompile with -Xlint:unchecked for details.
[INFO] 
[INFO] --- maven-resources-plugin:2.6:testResources (default-testResources) @ marketagent ---
[INFO] Using 'UTF-8' encoding to copy filtered resources.
[INFO] skip non existing resourceDirectory /Users/dietl_ma/Studium/_WIEN/VPS/lab1/MarketAgent/src/test/resources
[INFO] 
[INFO] --- maven-compiler-plugin:3.1:testCompile (default-testCompile) @ marketagent ---
[INFO] Nothing to compile - all classes are up to date
[INFO] 
[INFO] --- maven-surefire-plugin:2.17:test (default-test) @ marketagent ---
[INFO] No tests to run.
[INFO] 
[INFO] --- maven-jar-plugin:2.5:jar (default-jar) @ marketagent ---
[INFO] Building jar: /Users/dietl_ma/Studium/_WIEN/VPS/lab1/MarketAgent/target/marketagent-1.0-SNAPSHOT.jar
[INFO] 
[INFO] --- spring-boot-maven-plugin:1.2.2.RELEASE:repackage (default) @ marketagent ---
[INFO] 
[INFO] --- maven-install-plugin:2.5.2:install (default-install) @ marketagent ---
[INFO] Installing /Users/dietl_ma/Studium/_WIEN/VPS/lab1/MarketAgent/target/marketagent-1.0-SNAPSHOT.jar to /Users/dietl_ma/.m2/repository/ac/at/tuwien/sbc/marketagent/1.0-SNAPSHOT/marketagent-1.0-SNAPSHOT.jar
[INFO] Installing /Users/dietl_ma/Studium/_WIEN/VPS/lab1/MarketAgent/pom.xml to /Users/dietl_ma/.m2/repository/ac/at/tuwien/sbc/marketagent/1.0-SNAPSHOT/marketagent-1.0-SNAPSHOT.pom
[INFO]                                                                         
[INFO] ------------------------------------------------------------------------
[INFO] Building apprunner 1.0-SNAPSHOT
[INFO] ------------------------------------------------------------------------
[INFO] 
[INFO] --- maven-clean-plugin:2.5:clean (default-clean) @ apprunner ---
[INFO] Deleting /Users/dietl_ma/Studium/_WIEN/VPS/lab1/AppRunner/target
[INFO] 
[INFO] --- maven-resources-plugin:2.6:resources (default-resources) @ apprunner ---
[INFO] Using 'UTF-8' encoding to copy filtered resources.
[INFO] Copying 0 resource
[INFO] Copying 0 resource
[INFO] 
[INFO] --- maven-compiler-plugin:3.1:compile (default-compile) @ apprunner ---
[INFO] Changes detected - recompiling the module!
[INFO] Compiling 3 source files to /Users/dietl_ma/Studium/_WIEN/VPS/lab1/AppRunner/target/classes
[INFO] 
[INFO] --- ideauidesigner-maven-plugin:1.0-beta-1:javac2 (default) @ apprunner ---
[INFO] Executing IDEA UI Designer task...
[INFO] 
[INFO] --- maven-resources-plugin:2.6:testResources (default-testResources) @ apprunner ---
[INFO] Using 'UTF-8' encoding to copy filtered resources.
[INFO] skip non existing resourceDirectory /Users/dietl_ma/Studium/_WIEN/VPS/lab1/AppRunner/src/test/resources
[INFO] 
[INFO] --- maven-compiler-plugin:3.1:testCompile (default-testCompile) @ apprunner ---
[INFO] Nothing to compile - all classes are up to date
[INFO] 
[INFO] --- maven-surefire-plugin:2.17:test (default-test) @ apprunner ---
[INFO] No tests to run.
[INFO] 
[INFO] --- maven-jar-plugin:2.5:jar (default-jar) @ apprunner ---
[INFO] Building jar: /Users/dietl_ma/Studium/_WIEN/VPS/lab1/AppRunner/target/apprunner-1.0-SNAPSHOT.jar
[INFO] 
[INFO] --- spring-boot-maven-plugin:1.2.2.RELEASE:repackage (default) @ apprunner ---
[INFO] 
[INFO] --- maven-dependency-plugin:2.9:copy-dependencies (copy-dependencies) @ apprunner ---
[INFO] Copying objenesis-2.1.jar to /Users/dietl_ma/Studium/_WIEN/VPS/lab1/AppRunner/target/lib/objenesis-2.1.jar
[INFO] Copying mozartspaces-capi3-javanative-2.3-SNAPSHOT.jar to /Users/dietl_ma/Studium/_WIEN/VPS/lab1/AppRunner/target/lib/mozartspaces-capi3-javanative-2.3-SNAPSHOT.jar
[INFO] Copying asm-commons-3.0.jar to /Users/dietl_ma/Studium/_WIEN/VPS/lab1/AppRunner/target/lib/asm-commons-3.0.jar
[INFO] Copying asm-3.0.jar to /Users/dietl_ma/Studium/_WIEN/VPS/lab1/AppRunner/target/lib/asm-3.0.jar
[INFO] Copying jul-to-slf4j-1.7.10.jar to /Users/dietl_ma/Studium/_WIEN/VPS/lab1/AppRunner/target/lib/jul-to-slf4j-1.7.10.jar
[INFO] Copying commons-digester-2.1.jar to /Users/dietl_ma/Studium/_WIEN/VPS/lab1/AppRunner/target/lib/commons-digester-2.1.jar
[INFO] Copying concurrent-trees-2.1.0.jar to /Users/dietl_ma/Studium/_WIEN/VPS/lab1/AppRunner/target/lib/concurrent-trees-2.1.0.jar
[INFO] Copying jcl-over-slf4j-1.7.10.jar to /Users/dietl_ma/Studium/_WIEN/VPS/lab1/AppRunner/target/lib/jcl-over-slf4j-1.7.10.jar
[INFO] Copying jcip-annotations-1.0.jar to /Users/dietl_ma/Studium/_WIEN/VPS/lab1/AppRunner/target/lib/jcip-annotations-1.0.jar
[INFO] Copying jackson-databind-2.4.5.jar to /Users/dietl_ma/Studium/_WIEN/VPS/lab1/AppRunner/target/lib/jackson-databind-2.4.5.jar
[INFO] Copying spring-expression-4.1.5.RELEASE.jar to /Users/dietl_ma/Studium/_WIEN/VPS/lab1/AppRunner/target/lib/spring-expression-4.1.5.RELEASE.jar
[INFO] Copying spring-boot-starter-test-1.2.2.RELEASE.jar to /Users/dietl_ma/Studium/_WIEN/VPS/lab1/AppRunner/target/lib/spring-boot-starter-test-1.2.2.RELEASE.jar
[INFO] Copying commons-logging-1.1.1.jar to /Users/dietl_ma/Studium/_WIEN/VPS/lab1/AppRunner/target/lib/commons-logging-1.1.1.jar
[INFO] Copying spring-retry-1.1.2.RELEASE.jar to /Users/dietl_ma/Studium/_WIEN/VPS/lab1/AppRunner/target/lib/spring-retry-1.1.2.RELEASE.jar
[INFO] Copying spring-test-4.1.5.RELEASE.jar to /Users/dietl_ma/Studium/_WIEN/VPS/lab1/AppRunner/target/lib/spring-test-4.1.5.RELEASE.jar
[INFO] Copying amqp-client-3.4.2.jar to /Users/dietl_ma/Studium/_WIEN/VPS/lab1/AppRunner/target/lib/amqp-client-3.4.2.jar
[INFO] Copying jackson-mapper-asl-1.9.13.jar to /Users/dietl_ma/Studium/_WIEN/VPS/lab1/AppRunner/target/lib/jackson-mapper-asl-1.9.13.jar
[INFO] Copying spring-boot-autoconfigure-1.2.2.RELEASE.jar to /Users/dietl_ma/Studium/_WIEN/VPS/lab1/AppRunner/target/lib/spring-boot-autoconfigure-1.2.2.RELEASE.jar
[INFO] Copying spring-boot-starter-amqp-1.2.2.RELEASE.jar to /Users/dietl_ma/Studium/_WIEN/VPS/lab1/AppRunner/target/lib/spring-boot-starter-amqp-1.2.2.RELEASE.jar
[INFO] Copying mockito-core-1.10.19.jar to /Users/dietl_ma/Studium/_WIEN/VPS/lab1/AppRunner/target/lib/mockito-core-1.10.19.jar
[INFO] Copying spring-beans-4.1.5.RELEASE.jar to /Users/dietl_ma/Studium/_WIEN/VPS/lab1/AppRunner/target/lib/spring-beans-4.1.5.RELEASE.jar
[INFO] Copying spring-core-4.1.5.RELEASE.jar to /Users/dietl_ma/Studium/_WIEN/VPS/lab1/AppRunner/target/lib/spring-core-4.1.5.RELEASE.jar
[INFO] Copying mozartspaces-notifications-2.3-SNAPSHOT.jar to /Users/dietl_ma/Studium/_WIEN/VPS/lab1/AppRunner/target/lib/mozartspaces-notifications-2.3-SNAPSHOT.jar
[INFO] Copying spring-rabbit-1.4.3.RELEASE.jar to /Users/dietl_ma/Studium/_WIEN/VPS/lab1/AppRunner/target/lib/spring-rabbit-1.4.3.RELEASE.jar
[INFO] Copying forms-1.1-preview.jar to /Users/dietl_ma/Studium/_WIEN/VPS/lab1/AppRunner/target/lib/forms-1.1-preview.jar
[INFO] Copying logback-classic-1.1.2.jar to /Users/dietl_ma/Studium/_WIEN/VPS/lab1/AppRunner/target/lib/logback-classic-1.1.2.jar
[INFO] Copying asm-tree-3.0.jar to /Users/dietl_ma/Studium/_WIEN/VPS/lab1/AppRunner/target/lib/asm-tree-3.0.jar
[INFO] Copying commons-beanutils-core-1.8.0.jar to /Users/dietl_ma/Studium/_WIEN/VPS/lab1/AppRunner/target/lib/commons-beanutils-core-1.8.0.jar
[INFO] Copying aopalliance-1.0.jar to /Users/dietl_ma/Studium/_WIEN/VPS/lab1/AppRunner/target/lib/aopalliance-1.0.jar
[INFO] Copying slf4j-api-1.7.10.jar to /Users/dietl_ma/Studium/_WIEN/VPS/lab1/AppRunner/target/lib/slf4j-api-1.7.10.jar
[INFO] Copying mozartspaces-runtime-2.3-SNAPSHOT.jar to /Users/dietl_ma/Studium/_WIEN/VPS/lab1/AppRunner/target/lib/mozartspaces-runtime-2.3-SNAPSHOT.jar
[INFO] Copying forms_rt-7.0.3.jar to /Users/dietl_ma/Studium/_WIEN/VPS/lab1/AppRunner/target/lib/forms_rt-7.0.3.jar
[INFO] Copying spring-boot-starter-1.2.2.RELEASE.jar to /Users/dietl_ma/Studium/_WIEN/VPS/lab1/AppRunner/target/lib/spring-boot-starter-1.2.2.RELEASE.jar
[INFO] Copying spring-aop-4.1.5.RELEASE.jar to /Users/dietl_ma/Studium/_WIEN/VPS/lab1/AppRunner/target/lib/spring-aop-4.1.5.RELEASE.jar
[INFO] Copying log4j-over-slf4j-1.7.10.jar to /Users/dietl_ma/Studium/_WIEN/VPS/lab1/AppRunner/target/lib/log4j-over-slf4j-1.7.10.jar
[INFO] Copying spring-tx-4.1.5.RELEASE.jar to /Users/dietl_ma/Studium/_WIEN/VPS/lab1/AppRunner/target/lib/spring-tx-4.1.5.RELEASE.jar
[INFO] Copying hamcrest-library-1.3.jar to /Users/dietl_ma/Studium/_WIEN/VPS/lab1/AppRunner/target/lib/hamcrest-library-1.3.jar
[INFO] Copying mozartspaces-core-common-2.3-SNAPSHOT.jar to /Users/dietl_ma/Studium/_WIEN/VPS/lab1/AppRunner/target/lib/mozartspaces-core-common-2.3-SNAPSHOT.jar
[INFO] Copying jackson-core-2.4.5.jar to /Users/dietl_ma/Studium/_WIEN/VPS/lab1/AppRunner/target/lib/jackson-core-2.4.5.jar
[INFO] Copying spring-boot-1.2.2.RELEASE.jar to /Users/dietl_ma/Studium/_WIEN/VPS/lab1/AppRunner/target/lib/spring-boot-1.2.2.RELEASE.jar
[INFO] Copying hamcrest-core-1.3.jar to /Users/dietl_ma/Studium/_WIEN/VPS/lab1/AppRunner/target/lib/hamcrest-core-1.3.jar
[INFO] Copying commons-lang-2.4.jar to /Users/dietl_ma/Studium/_WIEN/VPS/lab1/AppRunner/target/lib/commons-lang-2.4.jar
[INFO] Copying spring-context-4.1.5.RELEASE.jar to /Users/dietl_ma/Studium/_WIEN/VPS/lab1/AppRunner/target/lib/spring-context-4.1.5.RELEASE.jar
[INFO] Copying snakeyaml-1.14.jar to /Users/dietl_ma/Studium/_WIEN/VPS/lab1/AppRunner/target/lib/snakeyaml-1.14.jar
[INFO] Copying commons-beanutils-1.9.2.jar to /Users/dietl_ma/Studium/_WIEN/VPS/lab1/AppRunner/target/lib/commons-beanutils-1.9.2.jar
[INFO] Copying commons-collections-3.2.1.jar to /Users/dietl_ma/Studium/_WIEN/VPS/lab1/AppRunner/target/lib/commons-collections-3.2.1.jar
[INFO] Copying cqengine-1.3.2.jar to /Users/dietl_ma/Studium/_WIEN/VPS/lab1/AppRunner/target/lib/cqengine-1.3.2.jar
[INFO] Copying spring-messaging-4.1.5.RELEASE.jar to /Users/dietl_ma/Studium/_WIEN/VPS/lab1/AppRunner/target/lib/spring-messaging-4.1.5.RELEASE.jar
[INFO] Copying mozartspaces-core-api-2.3-SNAPSHOT.jar to /Users/dietl_ma/Studium/_WIEN/VPS/lab1/AppRunner/target/lib/mozartspaces-core-api-2.3-SNAPSHOT.jar
[INFO] Copying commons-configuration-1.6.jar to /Users/dietl_ma/Studium/_WIEN/VPS/lab1/AppRunner/target/lib/commons-configuration-1.6.jar
[INFO] Copying jackson-core-asl-1.9.13.jar to /Users/dietl_ma/Studium/_WIEN/VPS/lab1/AppRunner/target/lib/jackson-core-asl-1.9.13.jar
[INFO] Copying spring-boot-starter-logging-1.2.2.RELEASE.jar to /Users/dietl_ma/Studium/_WIEN/VPS/lab1/AppRunner/target/lib/spring-boot-starter-logging-1.2.2.RELEASE.jar
[INFO] Copying jackson-annotations-2.4.5.jar to /Users/dietl_ma/Studium/_WIEN/VPS/lab1/AppRunner/target/lib/jackson-annotations-2.4.5.jar
[INFO] Copying jdom-1.0.jar to /Users/dietl_ma/Studium/_WIEN/VPS/lab1/AppRunner/target/lib/jdom-1.0.jar
[INFO] Copying spring-amqp-1.4.3.RELEASE.jar to /Users/dietl_ma/Studium/_WIEN/VPS/lab1/AppRunner/target/lib/spring-amqp-1.4.3.RELEASE.jar
[INFO] Copying logback-core-1.1.2.jar to /Users/dietl_ma/Studium/_WIEN/VPS/lab1/AppRunner/target/lib/logback-core-1.1.2.jar
[INFO] Copying mozartspaces-capi3-api-2.3-SNAPSHOT.jar to /Users/dietl_ma/Studium/_WIEN/VPS/lab1/AppRunner/target/lib/mozartspaces-capi3-api-2.3-SNAPSHOT.jar
[INFO] Copying junit-4.12.jar to /Users/dietl_ma/Studium/_WIEN/VPS/lab1/AppRunner/target/lib/junit-4.12.jar
[INFO] 
[INFO] --- maven-install-plugin:2.5.2:install (default-install) @ apprunner ---
[INFO] Installing /Users/dietl_ma/Studium/_WIEN/VPS/lab1/AppRunner/target/apprunner-1.0-SNAPSHOT.jar to /Users/dietl_ma/.m2/repository/ac/at/tuwien/sbc/apprunner/1.0-SNAPSHOT/apprunner-1.0-SNAPSHOT.jar
[INFO] Installing /Users/dietl_ma/Studium/_WIEN/VPS/lab1/AppRunner/pom.xml to /Users/dietl_ma/.m2/repository/ac/at/tuwien/sbc/apprunner/1.0-SNAPSHOT/apprunner-1.0-SNAPSHOT.pom
[INFO] ------------------------------------------------------------------------
[INFO] Reactor Summary:
[INFO] 
[INFO] stockexchange ..................................... SUCCESS [0.427s]
[INFO] domain ............................................ SUCCESS [2.688s]
[INFO] broker ............................................ SUCCESS [1.449s]
[INFO] company ........................................... SUCCESS [0.385s]
[INFO] investor .......................................... SUCCESS [2.262s]
[INFO] market ............................................ SUCCESS [0.779s]
[INFO] marketagent ....................................... SUCCESS [0.417s]
[INFO] apprunner ......................................... SUCCESS [0.426s]
[INFO] ------------------------------------------------------------------------
[INFO] BUILD SUCCESS
[INFO] ------------------------------------------------------------------------
[INFO] Total time: 9.401s
[INFO] Finished at: Tue Apr 14 11:34:47 CEST 2015
[INFO] Final Memory: 35M/230M
[INFO] ------------------------------------------------------------------------
bash-3.2$ Broker/target/br[K[K
classes/           generated-sources/ maven-archiver/    maven-status/      
bash-3.2$ Broker/target/
classes/           generated-sources/ maven-archiver/    maven-status/      
bash-3.2$ Broker/target/[K[K[K[K[K[K[K[K[K[K[K[K[K[KInvestor/target/i[K
classes/           generated-sources/ lib/               maven-archiver/    maven-status/      
bash-3.2$ Investor/target/[K[K[K[K[K[K[K[K[K[K[K[K[K[K[K[Kmvn clean install[C[C[C[C[C[C[C[C[C[Ccd ..[K[3Plsjava -jar ../Company/target/company-1.0-SNAPSHOT.jar[C[C[C[C[C[C[C[C[C[C./stub.sh space[K[C[C[C[C[C[C[C[C[C[Cjava -jar ../Company/target/company-1.0-SNAPSHOT.jar[C[C[C[C[C[C[C[C[C[C./stub.sh space[K[C[C[C[C[C[C[C[C[C[Cjava -jar ../Company/target/company-1.0-SNAPSHOT.jar[K[K[K[K[K[K[K[K[K[K[K[K[K[K[K[K[K[K[K[K[K[K[K[K[K[K[K[K[K[K[K[K[K[K[K[K[K[K[K[K[K[K[K[K[K[K[K[K[K[K[K[Kls
AppRunner		Domain			MarketAgent		lab1.iml		stockexchange.iml
Broker			Investor		README.md		pom.xml			typescript
Company			Market			Server			scripts			userful_snippets.txt
bash-3.2$ Company/target/[K[K[K[K[K[K[K[K[K[K[K[K[K[K[Kcd Company/target/
bash-3.2$ ls
classes					company-1.0-SNAPSHOT.jar.original	maven-archiver
company-1.0-SNAPSHOT.jar		generated-sources			maven-status
bash-3.2$ cd ..
bash-3.2$ cd ..
bash-3.2$ cd Broker/target/
bash-3.2$ ls
broker-1.0-SNAPSHOT.jar			classes					maven-archiver
broker-1.0-SNAPSHOT.jar.original	generated-sources			maven-status
bash-3.2$ 